Archive member included to satisfy reference by file (symbol)

d:/abdulrahman/atmel/studio/7.0/toolchain/avr8/avr8-gnu-toolchain/bin/../lib/gcc/avr/5.4.0/avr5\libgcc.a(_exit.o)
                              D:/abdulrahman/Atmel/Studio/7.0/Packs/atmel/ATmega_DFP/1.7.374/gcc/dev/atmega32a/avr5/crtatmega32a.o (exit)
d:/abdulrahman/atmel/studio/7.0/toolchain/avr8/avr8-gnu-toolchain/bin/../lib/gcc/avr/5.4.0/avr5\libgcc.a(_copy_data.o)
                              Application/Application.o (__do_copy_data)
d:/abdulrahman/atmel/studio/7.0/toolchain/avr8/avr8-gnu-toolchain/bin/../lib/gcc/avr/5.4.0/avr5\libgcc.a(_clear_bss.o)
                              Application/Application.o (__do_clear_bss)

Discarded input sections

 .data          0x00000000        0x0 D:/abdulrahman/Atmel/Studio/7.0/Packs/atmel/ATmega_DFP/1.7.374/gcc/dev/atmega32a/avr5/crtatmega32a.o
 .bss           0x00000000        0x0 D:/abdulrahman/Atmel/Studio/7.0/Packs/atmel/ATmega_DFP/1.7.374/gcc/dev/atmega32a/avr5/crtatmega32a.o
 .text          0x00000000        0x0 Application/Application.o
 .data          0x00000000        0x0 Application/Application.o
 .bss           0x00000000        0x0 Application/Application.o
 .text          0x00000000        0x0 ECUAL/Button Driver/button.o
 .data          0x00000000        0x0 ECUAL/Button Driver/button.o
 .bss           0x00000000        0x0 ECUAL/Button Driver/button.o
 .text.PRESS_type
                0x00000000       0x34 ECUAL/Button Driver/button.o
 .text          0x00000000        0x0 ECUAL/LED Driver/led.o
 .data          0x00000000        0x0 ECUAL/LED Driver/led.o
 .bss           0x00000000        0x0 ECUAL/LED Driver/led.o
 .text          0x00000000        0x0 main.o
 .data          0x00000000        0x0 main.o
 .bss           0x00000000        0x0 main.o
 .bss.interruption
                0x00000000        0x1 main.o
 .text          0x00000000        0x0 MCAL/DIO Driver/dio.o
 .data          0x00000000        0x0 MCAL/DIO Driver/dio.o
 .bss           0x00000000        0x0 MCAL/DIO Driver/dio.o
 .text          0x00000000        0x0 MCAL/Interrupts Driver/interrupts.o
 .data          0x00000000        0x0 MCAL/Interrupts Driver/interrupts.o
 .bss           0x00000000        0x0 MCAL/Interrupts Driver/interrupts.o
 .text          0x00000000        0x0 MCAL/Timer Driver/timer.o
 .data          0x00000000        0x0 MCAL/Timer Driver/timer.o
 .bss           0x00000000        0x0 MCAL/Timer Driver/timer.o
 .text.Timer_init
                0x00000000        0x8 MCAL/Timer Driver/timer.o
 .text          0x00000000        0x0 d:/abdulrahman/atmel/studio/7.0/toolchain/avr8/avr8-gnu-toolchain/bin/../lib/gcc/avr/5.4.0/avr5\libgcc.a(_exit.o)
 .data          0x00000000        0x0 d:/abdulrahman/atmel/studio/7.0/toolchain/avr8/avr8-gnu-toolchain/bin/../lib/gcc/avr/5.4.0/avr5\libgcc.a(_exit.o)
 .bss           0x00000000        0x0 d:/abdulrahman/atmel/studio/7.0/toolchain/avr8/avr8-gnu-toolchain/bin/../lib/gcc/avr/5.4.0/avr5\libgcc.a(_exit.o)
 .text.libgcc.mul
                0x00000000        0x0 d:/abdulrahman/atmel/studio/7.0/toolchain/avr8/avr8-gnu-toolchain/bin/../lib/gcc/avr/5.4.0/avr5\libgcc.a(_exit.o)
 .text.libgcc.div
                0x00000000        0x0 d:/abdulrahman/atmel/studio/7.0/toolchain/avr8/avr8-gnu-toolchain/bin/../lib/gcc/avr/5.4.0/avr5\libgcc.a(_exit.o)
 .text.libgcc   0x00000000        0x0 d:/abdulrahman/atmel/studio/7.0/toolchain/avr8/avr8-gnu-toolchain/bin/../lib/gcc/avr/5.4.0/avr5\libgcc.a(_exit.o)
 .text.libgcc.prologue
                0x00000000        0x0 d:/abdulrahman/atmel/studio/7.0/toolchain/avr8/avr8-gnu-toolchain/bin/../lib/gcc/avr/5.4.0/avr5\libgcc.a(_exit.o)
 .text.libgcc.builtins
                0x00000000        0x0 d:/abdulrahman/atmel/studio/7.0/toolchain/avr8/avr8-gnu-toolchain/bin/../lib/gcc/avr/5.4.0/avr5\libgcc.a(_exit.o)
 .text.libgcc.fmul
                0x00000000        0x0 d:/abdulrahman/atmel/studio/7.0/toolchain/avr8/avr8-gnu-toolchain/bin/../lib/gcc/avr/5.4.0/avr5\libgcc.a(_exit.o)
 .text.libgcc.fixed
                0x00000000        0x0 d:/abdulrahman/atmel/studio/7.0/toolchain/avr8/avr8-gnu-toolchain/bin/../lib/gcc/avr/5.4.0/avr5\libgcc.a(_exit.o)
 .text          0x00000000        0x0 d:/abdulrahman/atmel/studio/7.0/toolchain/avr8/avr8-gnu-toolchain/bin/../lib/gcc/avr/5.4.0/avr5\libgcc.a(_copy_data.o)
 .data          0x00000000        0x0 d:/abdulrahman/atmel/studio/7.0/toolchain/avr8/avr8-gnu-toolchain/bin/../lib/gcc/avr/5.4.0/avr5\libgcc.a(_copy_data.o)
 .bss           0x00000000        0x0 d:/abdulrahman/atmel/studio/7.0/toolchain/avr8/avr8-gnu-toolchain/bin/../lib/gcc/avr/5.4.0/avr5\libgcc.a(_copy_data.o)
 .text.libgcc.mul
                0x00000000        0x0 d:/abdulrahman/atmel/studio/7.0/toolchain/avr8/avr8-gnu-toolchain/bin/../lib/gcc/avr/5.4.0/avr5\libgcc.a(_copy_data.o)
 .text.libgcc.div
                0x00000000        0x0 d:/abdulrahman/atmel/studio/7.0/toolchain/avr8/avr8-gnu-toolchain/bin/../lib/gcc/avr/5.4.0/avr5\libgcc.a(_copy_data.o)
 .text.libgcc   0x00000000        0x0 d:/abdulrahman/atmel/studio/7.0/toolchain/avr8/avr8-gnu-toolchain/bin/../lib/gcc/avr/5.4.0/avr5\libgcc.a(_copy_data.o)
 .text.libgcc.prologue
                0x00000000        0x0 d:/abdulrahman/atmel/studio/7.0/toolchain/avr8/avr8-gnu-toolchain/bin/../lib/gcc/avr/5.4.0/avr5\libgcc.a(_copy_data.o)
 .text.libgcc.builtins
                0x00000000        0x0 d:/abdulrahman/atmel/studio/7.0/toolchain/avr8/avr8-gnu-toolchain/bin/../lib/gcc/avr/5.4.0/avr5\libgcc.a(_copy_data.o)
 .text.libgcc.fmul
                0x00000000        0x0 d:/abdulrahman/atmel/studio/7.0/toolchain/avr8/avr8-gnu-toolchain/bin/../lib/gcc/avr/5.4.0/avr5\libgcc.a(_copy_data.o)
 .text.libgcc.fixed
                0x00000000        0x0 d:/abdulrahman/atmel/studio/7.0/toolchain/avr8/avr8-gnu-toolchain/bin/../lib/gcc/avr/5.4.0/avr5\libgcc.a(_copy_data.o)
 .text          0x00000000        0x0 d:/abdulrahman/atmel/studio/7.0/toolchain/avr8/avr8-gnu-toolchain/bin/../lib/gcc/avr/5.4.0/avr5\libgcc.a(_clear_bss.o)
 .data          0x00000000        0x0 d:/abdulrahman/atmel/studio/7.0/toolchain/avr8/avr8-gnu-toolchain/bin/../lib/gcc/avr/5.4.0/avr5\libgcc.a(_clear_bss.o)
 .bss           0x00000000        0x0 d:/abdulrahman/atmel/studio/7.0/toolchain/avr8/avr8-gnu-toolchain/bin/../lib/gcc/avr/5.4.0/avr5\libgcc.a(_clear_bss.o)
 .text.libgcc.mul
                0x00000000        0x0 d:/abdulrahman/atmel/studio/7.0/toolchain/avr8/avr8-gnu-toolchain/bin/../lib/gcc/avr/5.4.0/avr5\libgcc.a(_clear_bss.o)
 .text.libgcc.div
                0x00000000        0x0 d:/abdulrahman/atmel/studio/7.0/toolchain/avr8/avr8-gnu-toolchain/bin/../lib/gcc/avr/5.4.0/avr5\libgcc.a(_clear_bss.o)
 .text.libgcc   0x00000000        0x0 d:/abdulrahman/atmel/studio/7.0/toolchain/avr8/avr8-gnu-toolchain/bin/../lib/gcc/avr/5.4.0/avr5\libgcc.a(_clear_bss.o)
 .text.libgcc.prologue
                0x00000000        0x0 d:/abdulrahman/atmel/studio/7.0/toolchain/avr8/avr8-gnu-toolchain/bin/../lib/gcc/avr/5.4.0/avr5\libgcc.a(_clear_bss.o)
 .text.libgcc.builtins
                0x00000000        0x0 d:/abdulrahman/atmel/studio/7.0/toolchain/avr8/avr8-gnu-toolchain/bin/../lib/gcc/avr/5.4.0/avr5\libgcc.a(_clear_bss.o)
 .text.libgcc.fmul
                0x00000000        0x0 d:/abdulrahman/atmel/studio/7.0/toolchain/avr8/avr8-gnu-toolchain/bin/../lib/gcc/avr/5.4.0/avr5\libgcc.a(_clear_bss.o)
 .text.libgcc.fixed
                0x00000000        0x0 d:/abdulrahman/atmel/studio/7.0/toolchain/avr8/avr8-gnu-toolchain/bin/../lib/gcc/avr/5.4.0/avr5\libgcc.a(_clear_bss.o)

Memory Configuration

Name             Origin             Length             Attributes
text             0x00000000         0x00008000         xr
data             0x00800060         0x00000800         rw !x
eeprom           0x00810000         0x00000400         rw !x
fuse             0x00820000         0x00000002         rw !x
lock             0x00830000         0x00000400         rw !x
signature        0x00840000         0x00000400         rw !x
user_signatures  0x00850000         0x00000400         rw !x
*default*        0x00000000         0xffffffff

Linker script and memory map

LOAD D:/abdulrahman/Atmel/Studio/7.0/Packs/atmel/ATmega_DFP/1.7.374/gcc/dev/atmega32a/avr5/crtatmega32a.o
LOAD Application/Application.o
LOAD ECUAL/Button Driver/button.o
LOAD ECUAL/LED Driver/led.o
LOAD main.o
LOAD MCAL/DIO Driver/dio.o
LOAD MCAL/Interrupts Driver/interrupts.o
LOAD MCAL/Timer Driver/timer.o
START GROUP
LOAD d:/abdulrahman/atmel/studio/7.0/toolchain/avr8/avr8-gnu-toolchain/bin/../lib/gcc/avr/5.4.0/../../../../avr/lib/avr5\libm.a
END GROUP
START GROUP
LOAD d:/abdulrahman/atmel/studio/7.0/toolchain/avr8/avr8-gnu-toolchain/bin/../lib/gcc/avr/5.4.0/avr5\libgcc.a
LOAD d:/abdulrahman/atmel/studio/7.0/toolchain/avr8/avr8-gnu-toolchain/bin/../lib/gcc/avr/5.4.0/../../../../avr/lib/avr5\libm.a
LOAD d:/abdulrahman/atmel/studio/7.0/toolchain/avr8/avr8-gnu-toolchain/bin/../lib/gcc/avr/5.4.0/../../../../avr/lib/avr5\libc.a
LOAD D:/abdulrahman/Atmel/Studio/7.0/Packs/atmel/ATmega_DFP/1.7.374/gcc/dev/atmega32a/avr5\libatmega32a.a
END GROUP
                [0x00000000]                __TEXT_REGION_ORIGIN__ = DEFINED (__TEXT_REGION_ORIGIN__)?__TEXT_REGION_ORIGIN__:0x0
                [0x00800060]                __DATA_REGION_ORIGIN__ = DEFINED (__DATA_REGION_ORIGIN__)?__DATA_REGION_ORIGIN__:0x800060
                [0x00008000]                __TEXT_REGION_LENGTH__ = DEFINED (__TEXT_REGION_LENGTH__)?__TEXT_REGION_LENGTH__:0x20000
                [0x00000800]                __DATA_REGION_LENGTH__ = DEFINED (__DATA_REGION_LENGTH__)?__DATA_REGION_LENGTH__:0xffa0
                [0x00000400]                __EEPROM_REGION_LENGTH__ = DEFINED (__EEPROM_REGION_LENGTH__)?__EEPROM_REGION_LENGTH__:0x10000
                [0x00000002]                __FUSE_REGION_LENGTH__ = DEFINED (__FUSE_REGION_LENGTH__)?__FUSE_REGION_LENGTH__:0x400
                0x00000400                __LOCK_REGION_LENGTH__ = DEFINED (__LOCK_REGION_LENGTH__)?__LOCK_REGION_LENGTH__:0x400
                0x00000400                __SIGNATURE_REGION_LENGTH__ = DEFINED (__SIGNATURE_REGION_LENGTH__)?__SIGNATURE_REGION_LENGTH__:0x400
                0x00000400                __USER_SIGNATURE_REGION_LENGTH__ = DEFINED (__USER_SIGNATURE_REGION_LENGTH__)?__USER_SIGNATURE_REGION_LENGTH__:0x400

.hash
 *(.hash)

.dynsym
 *(.dynsym)

.dynstr
 *(.dynstr)

.gnu.version
 *(.gnu.version)

.gnu.version_d
 *(.gnu.version_d)

.gnu.version_r
 *(.gnu.version_r)

.rel.init
 *(.rel.init)

.rela.init
 *(.rela.init)

.rel.text
 *(.rel.text)
 *(.rel.text.*)
 *(.rel.gnu.linkonce.t*)

.rela.text
 *(.rela.text)
 *(.rela.text.*)
 *(.rela.gnu.linkonce.t*)

.rel.fini
 *(.rel.fini)

.rela.fini
 *(.rela.fini)

.rel.rodata
 *(.rel.rodata)
 *(.rel.rodata.*)
 *(.rel.gnu.linkonce.r*)

.rela.rodata
 *(.rela.rodata)
 *(.rela.rodata.*)
 *(.rela.gnu.linkonce.r*)

.rel.data
 *(.rel.data)
 *(.rel.data.*)
 *(.rel.gnu.linkonce.d*)

.rela.data
 *(.rela.data)
 *(.rela.data.*)
 *(.rela.gnu.linkonce.d*)

.rel.ctors
 *(.rel.ctors)

.rela.ctors
 *(.rela.ctors)

.rel.dtors
 *(.rel.dtors)

.rela.dtors
 *(.rela.dtors)

.rel.got
 *(.rel.got)

.rela.got
 *(.rela.got)

.rel.bss
 *(.rel.bss)

.rela.bss
 *(.rela.bss)

.rel.plt
 *(.rel.plt)

.rela.plt
 *(.rela.plt)

.text           0x00000000      0x968
 *(.vectors)
 .vectors       0x00000000       0x54 D:/abdulrahman/Atmel/Studio/7.0/Packs/atmel/ATmega_DFP/1.7.374/gcc/dev/atmega32a/avr5/crtatmega32a.o
                0x00000000                __vector_default
                0x00000000                __vectors
 *(.vectors)
 *(.progmem.gcc*)
                0x00000054                . = ALIGN (0x2)
                0x00000054                __trampolines_start = .
 *(.trampolines)
 .trampolines   0x00000054        0x0 linker stubs
 *(.trampolines*)
                0x00000054                __trampolines_end = .
 *libprintf_flt.a:*(.progmem.data)
 *libc.a:*(.progmem.data)
 *(.progmem*)
                0x00000054                . = ALIGN (0x2)
 *(.jumptables)
 *(.jumptables*)
 *(.lowtext)
 *(.lowtext*)
                0x00000054                __ctors_start = .
 *(.ctors)
                0x00000054                __ctors_end = .
                0x00000054                __dtors_start = .
 *(.dtors)
                0x00000054                __dtors_end = .
 SORT(*)(.ctors)
 SORT(*)(.dtors)
 *(.init0)
 .init0         0x00000054        0x0 D:/abdulrahman/Atmel/Studio/7.0/Packs/atmel/ATmega_DFP/1.7.374/gcc/dev/atmega32a/avr5/crtatmega32a.o
                0x00000054                __init
 *(.init0)
 *(.init1)
 *(.init1)
 *(.init2)
 .init2         0x00000054        0xc D:/abdulrahman/Atmel/Studio/7.0/Packs/atmel/ATmega_DFP/1.7.374/gcc/dev/atmega32a/avr5/crtatmega32a.o
 *(.init2)
 *(.init3)
 *(.init3)
 *(.init4)
 .init4         0x00000060       0x16 d:/abdulrahman/atmel/studio/7.0/toolchain/avr8/avr8-gnu-toolchain/bin/../lib/gcc/avr/5.4.0/avr5\libgcc.a(_copy_data.o)
                0x00000060                __do_copy_data
 .init4         0x00000076       0x10 d:/abdulrahman/atmel/studio/7.0/toolchain/avr8/avr8-gnu-toolchain/bin/../lib/gcc/avr/5.4.0/avr5\libgcc.a(_clear_bss.o)
                0x00000076                __do_clear_bss
 *(.init4)
 *(.init5)
 *(.init5)
 *(.init6)
 *(.init6)
 *(.init7)
 *(.init7)
 *(.init8)
 *(.init8)
 *(.init9)
 .init9         0x00000086        0x8 D:/abdulrahman/Atmel/Studio/7.0/Packs/atmel/ATmega_DFP/1.7.374/gcc/dev/atmega32a/avr5/crtatmega32a.o
 *(.init9)
 *(.text)
 .text          0x0000008e        0x4 D:/abdulrahman/Atmel/Studio/7.0/Packs/atmel/ATmega_DFP/1.7.374/gcc/dev/atmega32a/avr5/crtatmega32a.o
                0x0000008e                __vector_12
                0x0000008e                __bad_interrupt
                0x0000008e                __vector_6
                0x0000008e                __vector_3
                0x0000008e                __vector_11
                0x0000008e                __vector_13
                0x0000008e                __vector_17
                0x0000008e                __vector_19
                0x0000008e                __vector_7
                0x0000008e                __vector_5
                0x0000008e                __vector_4
                0x0000008e                __vector_9
                0x0000008e                __vector_2
                0x0000008e                __vector_15
                0x0000008e                __vector_8
                0x0000008e                __vector_14
                0x0000008e                __vector_10
                0x0000008e                __vector_16
                0x0000008e                __vector_18
                0x0000008e                __vector_20
                0x00000092                . = ALIGN (0x2)
 *(.text.*)
 .text.APP_init
                0x00000092       0x3e Application/Application.o
                0x00000092                APP_init
 .text.APP_start
                0x000000d0      0x2fe Application/Application.o
                0x000000d0                APP_start
 .text.__vector_1
                0x000003ce       0x2a Application/Application.o
                0x000003ce                __vector_1
 .text.BUTTON_init
                0x000003f8        0xe ECUAL/Button Driver/button.o
                0x000003f8                BUTTON_init
 .text.BUTTON_read
                0x00000406       0x24 ECUAL/Button Driver/button.o
                0x00000406                BUTTON_read
 .text.LED_init
                0x0000042a        0xe ECUAL/LED Driver/led.o
                0x0000042a                LED_init
 .text.LED_on   0x00000438        0xe ECUAL/LED Driver/led.o
                0x00000438                LED_on
 .text.LED_off  0x00000446        0xe ECUAL/LED Driver/led.o
                0x00000446                LED_off
 .text.LED_toggle
                0x00000454        0xc ECUAL/LED Driver/led.o
                0x00000454                LED_toggle
 .text.LED_read
                0x00000460       0x24 ECUAL/LED Driver/led.o
                0x00000460                LED_read
 .text.main     0x00000484        0xe main.o
                0x00000484                main
 .text.DIO_init
                0x00000492      0x13a MCAL/DIO Driver/dio.o
                0x00000492                DIO_init
 .text.DIO_write
                0x000005cc      0x13a MCAL/DIO Driver/dio.o
                0x000005cc                DIO_write
 .text.DIO_read
                0x00000706       0xd6 MCAL/DIO Driver/dio.o
                0x00000706                DIO_read
 .text.DIO_toggle
                0x000007dc      0x144 MCAL/DIO Driver/dio.o
                0x000007dc                DIO_toggle
 .text.INTERRUPTS_init
                0x00000920       0x16 MCAL/Interrupts Driver/interrupts.o
                0x00000920                INTERRUPTS_init
 .text.delay    0x00000936       0x2e MCAL/Timer Driver/timer.o
                0x00000936                delay
                0x00000964                . = ALIGN (0x2)
 *(.fini9)
 .fini9         0x00000964        0x0 d:/abdulrahman/atmel/studio/7.0/toolchain/avr8/avr8-gnu-toolchain/bin/../lib/gcc/avr/5.4.0/avr5\libgcc.a(_exit.o)
                0x00000964                _exit
                0x00000964                exit
 *(.fini9)
 *(.fini8)
 *(.fini8)
 *(.fini7)
 *(.fini7)
 *(.fini6)
 *(.fini6)
 *(.fini5)
 *(.fini5)
 *(.fini4)
 *(.fini4)
 *(.fini3)
 *(.fini3)
 *(.fini2)
 *(.fini2)
 *(.fini1)
 *(.fini1)
 *(.fini0)
 .fini0         0x00000964        0x4 d:/abdulrahman/atmel/studio/7.0/toolchain/avr8/avr8-gnu-toolchain/bin/../lib/gcc/avr/5.4.0/avr5\libgcc.a(_exit.o)
 *(.fini0)
                0x00000968                _etext = .

.data           0x00800060        0x2 load address 0x00000968
                0x00800060                PROVIDE (__data_start, .)
 *(.data)
 *(.data*)
 .data.led      0x00800060        0x1 Application/Application.o
                0x00800060                led
 .data.button_check
                0x00800061        0x1 Application/Application.o
                0x00800061                button_check
 *(.gnu.linkonce.d*)
 *(.rodata)
 *(.rodata*)
 *(.gnu.linkonce.r*)
                0x00800062                . = ALIGN (0x2)
                0x00800062                _edata = .
                0x00800062                PROVIDE (__data_end, .)

.bss            0x00800062        0x2
                0x00800062                PROVIDE (__bss_start, .)
 *(.bss)
 *(.bss*)
 .bss.x         0x00800062        0x1 Application/Application.o
                0x00800062                x
 .bss.buttonTime
                0x00800063        0x1 Application/Application.o
                0x00800063                buttonTime
 *(COMMON)
                0x00800064                PROVIDE (__bss_end, .)
                0x00000968                __data_load_start = LOADADDR (.data)
                0x0000096a                __data_load_end = (__data_load_start + SIZEOF (.data))

.noinit         0x00800064        0x0
                [!provide]                PROVIDE (__noinit_start, .)
 *(.noinit*)
                [!provide]                PROVIDE (__noinit_end, .)
                0x00800064                _end = .
                [!provide]                PROVIDE (__heap_start, .)

.eeprom         0x00810000        0x0
 *(.eeprom*)
                0x00810000                __eeprom_end = .

.fuse
 *(.fuse)
 *(.lfuse)
 *(.hfuse)
 *(.efuse)

.lock
 *(.lock*)

.signature
 *(.signature*)

.user_signatures
 *(.user_signatures*)

.stab
 *(.stab)

.stabstr
 *(.stabstr)

.stab.excl
 *(.stab.excl)

.stab.exclstr
 *(.stab.exclstr)

.stab.index
 *(.stab.index)

.stab.indexstr
 *(.stab.indexstr)

.comment        0x00000000       0x30
 *(.comment)
 .comment       0x00000000       0x30 Application/Application.o
                                 0x31 (size before relaxing)
 .comment       0x00000030       0x31 ECUAL/Button Driver/button.o
 .comment       0x00000030       0x31 ECUAL/LED Driver/led.o
 .comment       0x00000030       0x31 main.o
 .comment       0x00000030       0x31 MCAL/DIO Driver/dio.o
 .comment       0x00000030       0x31 MCAL/Interrupts Driver/interrupts.o
 .comment       0x00000030       0x31 MCAL/Timer Driver/timer.o

.note.gnu.avr.deviceinfo
                0x00000000       0x3c
 .note.gnu.avr.deviceinfo
                0x00000000       0x3c D:/abdulrahman/Atmel/Studio/7.0/Packs/atmel/ATmega_DFP/1.7.374/gcc/dev/atmega32a/avr5/crtatmega32a.o

.note.gnu.build-id
 *(.note.gnu.build-id)

.debug
 *(.debug)

.line
 *(.line)

.debug_srcinfo
 *(.debug_srcinfo)

.debug_sfnames
 *(.debug_sfnames)

.debug_aranges  0x00000000      0x140
 *(.debug_aranges)
 .debug_aranges
                0x00000000       0x30 Application/Application.o
 .debug_aranges
                0x00000030       0x30 ECUAL/Button Driver/button.o
 .debug_aranges
                0x00000060       0x40 ECUAL/LED Driver/led.o
 .debug_aranges
                0x000000a0       0x20 main.o
 .debug_aranges
                0x000000c0       0x38 MCAL/DIO Driver/dio.o
 .debug_aranges
                0x000000f8       0x20 MCAL/Interrupts Driver/interrupts.o
 .debug_aranges
                0x00000118       0x28 MCAL/Timer Driver/timer.o

.debug_pubnames
 *(.debug_pubnames)

.debug_info     0x00000000     0x147d
 *(.debug_info .gnu.linkonce.wi.*)
 .debug_info    0x00000000      0x4e6 D:/abdulrahman/Atmel/Studio/7.0/Packs/atmel/ATmega_DFP/1.7.374/gcc/dev/atmega32a/avr5/crtatmega32a.o
 .debug_info    0x000004e6      0x7a2 Application/Application.o
 .debug_info    0x00000c88      0x214 ECUAL/Button Driver/button.o
 .debug_info    0x00000e9c      0x275 ECUAL/LED Driver/led.o
 .debug_info    0x00001111       0xa0 main.o
 .debug_info    0x000011b1      0x1c5 MCAL/DIO Driver/dio.o
 .debug_info    0x00001376       0x51 MCAL/Interrupts Driver/interrupts.o
 .debug_info    0x000013c7       0xb6 MCAL/Timer Driver/timer.o

.debug_abbrev   0x00000000      0x9a8
 *(.debug_abbrev)
 .debug_abbrev  0x00000000      0x4a3 D:/abdulrahman/Atmel/Studio/7.0/Packs/atmel/ATmega_DFP/1.7.374/gcc/dev/atmega32a/avr5/crtatmega32a.o
 .debug_abbrev  0x000004a3      0x11b Application/Application.o
 .debug_abbrev  0x000005be      0x106 ECUAL/Button Driver/button.o
 .debug_abbrev  0x000006c4       0xc7 ECUAL/LED Driver/led.o
 .debug_abbrev  0x0000078b       0x83 main.o
 .debug_abbrev  0x0000080e       0xcb MCAL/DIO Driver/dio.o
 .debug_abbrev  0x000008d9       0x44 MCAL/Interrupts Driver/interrupts.o
 .debug_abbrev  0x0000091d       0x8b MCAL/Timer Driver/timer.o

.debug_line     0x00000000      0xddb
 *(.debug_line .debug_line.* .debug_line_end)
 .debug_line    0x00000000      0x116 D:/abdulrahman/Atmel/Studio/7.0/Packs/atmel/ATmega_DFP/1.7.374/gcc/dev/atmega32a/avr5/crtatmega32a.o
 .debug_line    0x00000116      0x4a6 Application/Application.o
 .debug_line    0x000005bc      0x166 ECUAL/Button Driver/button.o
 .debug_line    0x00000722      0x140 ECUAL/LED Driver/led.o
 .debug_line    0x00000862       0xc8 main.o
 .debug_line    0x0000092a      0x32b MCAL/DIO Driver/dio.o
 .debug_line    0x00000c55       0xa6 MCAL/Interrupts Driver/interrupts.o
 .debug_line    0x00000cfb       0xe0 MCAL/Timer Driver/timer.o

.debug_frame    0x00000000      0x21c
 *(.debug_frame)
 .debug_frame   0x00000000       0x54 Application/Application.o
 .debug_frame   0x00000054       0x68 ECUAL/Button Driver/button.o
 .debug_frame   0x000000bc       0x74 ECUAL/LED Driver/led.o
 .debug_frame   0x00000130       0x24 main.o
 .debug_frame   0x00000154       0x70 MCAL/DIO Driver/dio.o
 .debug_frame   0x000001c4       0x24 MCAL/Interrupts Driver/interrupts.o
 .debug_frame   0x000001e8       0x34 MCAL/Timer Driver/timer.o

.debug_str      0x00000000      0x539
 *(.debug_str)
 .debug_str     0x00000000      0x196 D:/abdulrahman/Atmel/Studio/7.0/Packs/atmel/ATmega_DFP/1.7.374/gcc/dev/atmega32a/avr5/crtatmega32a.o
 .debug_str     0x00000196      0x1ef Application/Application.o
 .debug_str     0x00000385       0x94 ECUAL/Button Driver/button.o
                                0x1f4 (size before relaxing)
 .debug_str     0x00000419       0x3e ECUAL/LED Driver/led.o
                                0x1e8 (size before relaxing)
 .debug_str     0x00000457       0x1e main.o
                                0x163 (size before relaxing)
 .debug_str     0x00000475       0x38 MCAL/DIO Driver/dio.o
                                0x1cb (size before relaxing)
 .debug_str     0x000004ad       0x27 MCAL/Interrupts Driver/interrupts.o
                                0x169 (size before relaxing)
 .debug_str     0x000004d4       0x65 MCAL/Timer Driver/timer.o
                                0x19d (size before relaxing)

.debug_loc      0x00000000      0xc61
 *(.debug_loc)
 .debug_loc     0x00000000       0xa8 Application/Application.o
 .debug_loc     0x000000a8      0x1e2 ECUAL/Button Driver/button.o
 .debug_loc     0x0000028a      0x200 ECUAL/LED Driver/led.o
 .debug_loc     0x0000048a      0x77f MCAL/DIO Driver/dio.o
 .debug_loc     0x00000c09       0x58 MCAL/Timer Driver/timer.o

.debug_macinfo
 *(.debug_macinfo)

.debug_weaknames
 *(.debug_weaknames)

.debug_funcnames
 *(.debug_funcnames)

.debug_typenames
 *(.debug_typenames)

.debug_varnames
 *(.debug_varnames)

.debug_pubtypes
 *(.debug_pubtypes)

.debug_ranges   0x00000000       0xd0
 *(.debug_ranges)
 .debug_ranges  0x00000000       0x20 Application/Application.o
 .debug_ranges  0x00000020       0x20 ECUAL/Button Driver/button.o
 .debug_ranges  0x00000040       0x30 ECUAL/LED Driver/led.o
 .debug_ranges  0x00000070       0x10 main.o
 .debug_ranges  0x00000080       0x28 MCAL/DIO Driver/dio.o
 .debug_ranges  0x000000a8       0x10 MCAL/Interrupts Driver/interrupts.o
 .debug_ranges  0x000000b8       0x18 MCAL/Timer Driver/timer.o

.debug_macro
 *(.debug_macro)
OUTPUT(On-demand_Traffic_light_control.elf elf32-avr)
LOAD linker stubs
